../Core/Src/main.c:106:9:Loop_Handler	24	static
../Core/Src/main.c:124:5:main	8	static
../Core/Src/main.c:204:6:SystemClock_Config	72	static
../Core/Src/main.c:244:13:MX_I2C1_Init	8	static
../Core/Src/main.c:277:13:MX_IWDG_Init	8	static
../Core/Src/main.c:304:13:MX_SPI1_Init	8	static
../Core/Src/main.c:341:13:MX_SPI2_Init	8	static
../Core/Src/main.c:378:13:MX_USART1_UART_Init	8	static
../Core/Src/main.c:410:13:MX_GPIO_Init	40	static
../Core/Src/main.c:455:6:Error_Handler	4	static,ignoring_inline_asm
