../Core/Src/main.c:106:9:Loop_Handler	24	static
../Core/Src/main.c:124:5:main	8	static
../Core/Src/main.c:207:6:SystemClock_Config	72	static
../Core/Src/main.c:248:13:MX_I2C1_Init	8	static
../Core/Src/main.c:282:13:MX_IWDG_Init	8	static
../Core/Src/main.c:310:13:MX_SPI1_Init	8	static
../Core/Src/main.c:348:13:MX_SPI2_Init	8	static
../Core/Src/main.c:386:13:MX_USART1_UART_Init	8	static
../Core/Src/main.c:419:13:MX_GPIO_Init	40	static
../Core/Src/main.c:464:6:Error_Handler	4	static,ignoring_inline_asm
